https://tower-cli.readthedocs.io/en/latest/install.html
https://tower-cli.readthedocs.io/en/latest/quickstart.html

$ brew install ansible-tower-cli


$ tower-cli config host https://110.160.151.4
Configuration updated successfully.

$ tower-cli login admin
Password: 
Error: Could not establish a secure connection. Please add the server to your certificate authority.
You can run this command without verifying SSL with the --insecure flag, or permanently disable verification by the config setting:

 tower-cli config verify_ssl false
 
$ tower-cli config verify_ssl false
Configuration updated successfully.

$ tower-cli login admin
Password: 
{
 "id": 6, 
 "type": "o_auth2_access_token", 
 "url": "/api/v2/tokens/6/", 
 "created": "2019-04-11T08:57:20.667146Z", 
 "modified": "2019-04-11T08:57:20.686181Z", 
 "description": "Tower CLI", 
 "user": 1, 
 "refresh_token": null, 
 "application": null, 
 "expires": "3018-08-12T08:57:20.659571Z", 
 "scope": "write"
}
Configuration updated successfully.
