======================= 
CREATE AND MIGRATE KVM VM - ON VIRTUALBOX VM - WITH BRIDGED NETWORK WITH WIRELESS
=======================
Reference doc: https://github.com/coderdba/NOTES/blob/master/kvm-kb/virtualbox-host/other-author/create-and-migrate-vm.txt

=======================
HOSTS - VIRTUALBOX VMs
=======================
-----------------------------------
Nested virtualization enablement
-----------------------------------
System --> Acceleration -->
  Paravirtualiztion Interface - KVM
  Enable Netsted Paging (this may have to be done using VBoxManage command)
  
-----------------------------------
NETWORK CARDS (Virtual)
-----------------------------------
Card1 - enp0s3  - NAT (default)
Card2 - enp0s8  - vmnet0 - Host-Only - 192.168.98.x - 192.168.98.21 and 22 - kvm002 and kvm003
Card3 - enp0s9  - vmnet3 - Host-Only - 192.168.99.x - for now, set 'automatic' in nmtui for default IP given by Virtualbox 
Card5 - enp0s10 - en0 wifi - Bridged - will get its IP from wireless router (usually internet router)

-------------------------------------------------------------
BRIDGE - using WIFI 'bridged' network of vbox vm host
-------------------------------------------------------------
Use wifi card enp0s10

- NETWORK SCRIPT - BEFORE ADDING BRIDGE
[root@kvm002 ~]# cat /etc/sysconfig/network-scripts/ifcfg-enp0s10
HWADDR=08:00:27:29:41:7D
TYPE=Ethernet
PROXY_METHOD=none
BROWSER_ONLY=no
BOOTPROTO=dhcp
DEFROUTE=yes
IPV4_FAILURE_FATAL=no
IPV6INIT=yes
IPV6_AUTOCONF=yes
IPV6_DEFROUTE=yes
IPV6_FAILURE_FATAL=no
IPV6_ADDR_GEN_MODE=stable-privacy
NAME=enp0s10
UUID=ca29d0f5-670b-3f2d-a391-9951b285d80f
ONBOOT=yes
AUTOCONNECT_PRIORITY=-999

- ADD BRIDGE TO NETWORK CARD
[root@kvm002 ~]# cat /etc/sysconfig/network-scripts/ifcfg-enp0s10
HWADDR=08:00:27:29:41:7D
TYPE=Ethernet
PROXY_METHOD=none
BROWSER_ONLY=no
BOOTPROTO=dhcp
DEFROUTE=yes
IPV4_FAILURE_FATAL=no
IPV6INIT=yes
IPV6_AUTOCONF=yes
IPV6_DEFROUTE=yes
IPV6_FAILURE_FATAL=no
IPV6_ADDR_GEN_MODE=stable-privacy
NAME=enp0s10
UUID=ca29d0f5-670b-3f2d-a391-9951b285d80f
ONBOOT=yes
AUTOCONNECT_PRIORITY=-999
BRIDGE=br0

- CONFIGURE THE BRIDGE
# cat /etc/sysconfig/network-scripts/ifcfg-br0
TYPE=Bridge
PROXY_METHOD=none
BROWSER_ONLY=no
BOOTPROTO=dhcp
DEFROUTE=yes
IPV4_FAILURE_FATAL=no
NAME=br0
DEVICE=br0

- RESTART NETWORK 
'systemctl restart network' is not the right command 
- it seemed to bring up br0 only, but did not assign br0 the IP of enp0s10 
- find the right command that does everything

Then, do ifdown and ifup of enp0s10 and br0
- This moves IP of enp0s10 to br0

[root@kvm002 network-scripts]# systemctl restart network
(NOTE: This command somehow does not work - there should be something else)
Job for network.service failed because the control process exited with error code. See "systemctl status network.service" and "journalctl -xe" for details.

[root@kvm002 network-scripts]# ip a
1: lo: <LOOPBACK,UP,LOWER_UP> mtu 65536 qdisc noqueue state UNKNOWN group default qlen 1000
    link/loopback 00:00:00:00:00:00 brd 00:00:00:00:00:00
    inet 127.0.0.1/8 scope host lo
       valid_lft forever preferred_lft forever
    inet6 ::1/128 scope host 
       valid_lft forever preferred_lft forever
2: enp0s3: <BROADCAST,MULTICAST,UP,LOWER_UP> mtu 1500 qdisc pfifo_fast state UP group default qlen 1000
    link/ether 08:00:27:4c:41:7a brd ff:ff:ff:ff:ff:ff
    inet 10.0.2.15/24 brd 10.0.2.255 scope global noprefixroute dynamic enp0s3
       valid_lft 85637sec preferred_lft 85637sec
    inet6 fe80::f514:5f6b:225c:3851/64 scope link noprefixroute 
       valid_lft forever preferred_lft forever
3: enp0s8: <BROADCAST,MULTICAST,UP,LOWER_UP> mtu 1500 qdisc pfifo_fast state UP group default qlen 1000
    link/ether 08:00:27:7e:21:be brd ff:ff:ff:ff:ff:ff
    inet 192.168.98.22/24 brd 192.168.98.255 scope global noprefixroute enp0s8
       valid_lft forever preferred_lft forever
    inet6 fe80::c8d5:e697:272c:6544/64 scope link noprefixroute 
       valid_lft forever preferred_lft forever
4: enp0s9: <BROADCAST,MULTICAST,UP,LOWER_UP> mtu 1500 qdisc pfifo_fast state UP group default qlen 1000
    link/ether 08:00:27:6f:f5:2e brd ff:ff:ff:ff:ff:ff
    inet 192.168.98.4/24 brd 192.168.98.255 scope global noprefixroute dynamic enp0s9
       valid_lft 554sec preferred_lft 554sec
    inet6 fe80::38fc:f558:30cb:866f/64 scope link noprefixroute 
       valid_lft forever preferred_lft forever
5: enp0s10: <BROADCAST,MULTICAST,UP,LOWER_UP> mtu 1500 qdisc pfifo_fast state UP group default qlen 1000
    link/ether 08:00:27:29:41:7d brd ff:ff:ff:ff:ff:ff
    inet 192.168.0.61/24 brd 192.168.0.255 scope global noprefixroute dynamic enp0s10
       valid_lft 85617sec preferred_lft 85617sec
    inet6 fe80::8f2c:8df7:489f:6717/64 scope link noprefixroute 
       valid_lft forever preferred_lft forever
6: nm-br10: <NO-CARRIER,BROADCAST,MULTICAST,UP> mtu 1500 qdisc noqueue state DOWN group default qlen 1000
    link/ether d2:db:d9:e7:12:1f brd ff:ff:ff:ff:ff:ff
    inet 192.168.99.3/24 brd 192.168.99.255 scope global noprefixroute nm-br10
       valid_lft forever preferred_lft forever
7: virbr0: <NO-CARRIER,BROADCAST,MULTICAST,UP> mtu 1500 qdisc noqueue state DOWN group default qlen 1000
    link/ether 52:54:00:08:e8:f5 brd ff:ff:ff:ff:ff:ff
    inet 192.168.122.1/24 brd 192.168.122.255 scope global virbr0
       valid_lft forever preferred_lft forever
8: virbr0-nic: <BROADCAST,MULTICAST> mtu 1500 qdisc pfifo_fast master virbr0 state DOWN group default qlen 1000
    link/ether 52:54:00:08:e8:f5 brd ff:ff:ff:ff:ff:ff
9: br0: <NO-CARRIER,BROADCAST,MULTICAST,UP> mtu 1500 qdisc noqueue state DOWN group default qlen 1000
    link/ether 86:fd:3e:d6:48:13 brd ff:ff:ff:ff:ff:ff

[root@kvm002 network-scripts]# ifdown enp0s10
Device 'enp0s10' successfully disconnected.

[root@kvm002 network-scripts]# ifup enp0s10
Connection successfully activated (D-Bus active path: /org/freedesktop/NetworkManager/ActiveConnection/9)

[root@kvm002 network-scripts]# ip a
1: lo: <LOOPBACK,UP,LOWER_UP> mtu 65536 qdisc noqueue state UNKNOWN group default qlen 1000
    link/loopback 00:00:00:00:00:00 brd 00:00:00:00:00:00
    inet 127.0.0.1/8 scope host lo
       valid_lft forever preferred_lft forever
    inet6 ::1/128 scope host 
       valid_lft forever preferred_lft forever
2: enp0s3: <BROADCAST,MULTICAST,UP,LOWER_UP> mtu 1500 qdisc pfifo_fast state UP group default qlen 1000
    link/ether 08:00:27:4c:41:7a brd ff:ff:ff:ff:ff:ff
    inet 10.0.2.15/24 brd 10.0.2.255 scope global noprefixroute dynamic enp0s3
       valid_lft 85430sec preferred_lft 85430sec
    inet6 fe80::f514:5f6b:225c:3851/64 scope link noprefixroute 
       valid_lft forever preferred_lft forever
3: enp0s8: <BROADCAST,MULTICAST,UP,LOWER_UP> mtu 1500 qdisc pfifo_fast state UP group default qlen 1000
    link/ether 08:00:27:7e:21:be brd ff:ff:ff:ff:ff:ff
    inet 192.168.98.22/24 brd 192.168.98.255 scope global noprefixroute enp0s8
       valid_lft forever preferred_lft forever
    inet6 fe80::c8d5:e697:272c:6544/64 scope link noprefixroute 
       valid_lft forever preferred_lft forever
4: enp0s9: <BROADCAST,MULTICAST,UP,LOWER_UP> mtu 1500 qdisc pfifo_fast state UP group default qlen 1000
    link/ether 08:00:27:6f:f5:2e brd ff:ff:ff:ff:ff:ff
    inet 192.168.98.4/24 brd 192.168.98.255 scope global noprefixroute dynamic enp0s9
       valid_lft 577sec preferred_lft 577sec
    inet6 fe80::38fc:f558:30cb:866f/64 scope link noprefixroute 
       valid_lft forever preferred_lft forever
5: enp0s10: <BROADCAST,MULTICAST,UP,LOWER_UP> mtu 1500 qdisc pfifo_fast master br0 state UP group default qlen 1000
    link/ether 08:00:27:29:41:7d brd ff:ff:ff:ff:ff:ff
6: nm-br10: <NO-CARRIER,BROADCAST,MULTICAST,UP> mtu 1500 qdisc noqueue state DOWN group default qlen 1000
    link/ether d2:db:d9:e7:12:1f brd ff:ff:ff:ff:ff:ff
    inet 192.168.99.3/24 brd 192.168.99.255 scope global noprefixroute nm-br10
       valid_lft forever preferred_lft forever
7: virbr0: <NO-CARRIER,BROADCAST,MULTICAST,UP> mtu 1500 qdisc noqueue state DOWN group default qlen 1000
    link/ether 52:54:00:08:e8:f5 brd ff:ff:ff:ff:ff:ff
    inet 192.168.122.1/24 brd 192.168.122.255 scope global virbr0
       valid_lft forever preferred_lft forever
8: virbr0-nic: <BROADCAST,MULTICAST> mtu 1500 qdisc pfifo_fast master virbr0 state DOWN group default qlen 1000
    link/ether 52:54:00:08:e8:f5 brd ff:ff:ff:ff:ff:ff
9: br0: <BROADCAST,MULTICAST,UP,LOWER_UP> mtu 1500 qdisc noqueue state UP group default qlen 1000
    link/ether 08:00:27:29:41:7d brd ff:ff:ff:ff:ff:ff
    inet 192.168.0.61/24 brd 192.168.0.255 scope global noprefixroute dynamic br0
       valid_lft 86398sec preferred_lft 86398sec
    inet6 fe80::a00:27ff:fe29:417d/64 scope link 
       valid_lft forever preferred_lft forever
[root@kvm002 network-scripts]# 

----------------
HOSTS FIREWALL
----------------
firewall-cmd --permanent  --add-port 49152/tcp
firewall-cmd --permanent  --add-port 49153/tcp
firewall-cmd --reload

===============
CREATE KVM VM 
===============

----------------------
DOWNLOAD IMAGE
----------------------
wget http://download.cirros-cloud.net/0.3.4/cirros-0.3.4-x86_64-disk.img

------------------------
SETUP BASE IMAGE FOR VM
------------------------
For image folder: use /var/lib/vms or /kvm-images
  mkdir /var/lib/vms
  chown -R qemu:qemu /var/lib/vms
  cp -v cirros-0.3.4-x86_64-disk.img /var/lib/vms/
  cd /var/lib/vms
  chown qemu:qemu cirros-0.3.4-x86_64-disk.img
  vm_image_name="/var/lib/vms/cirros-0.3.4-x86_64-disk.img"

mkdir -p /kvm-images/cirros01
cp cirros-0.3.4-x86_64-disk.img /kvm-images/cirros01/cirros01-cirros-0.3.4-x86_64-disk.img
chown -R qemu:qemu /kvm-images

------------------------
CREATE VM
------------------------
virt-install --import --name cirros01 --memory 2048 --vcpus 2 --cpu host --disk $vm_disk_name,format=img,bus=virtio  --network bridge=br0,model=virtio --os-type=linux --noautoconsole

	WARNING  No operating system detected, VM performance may suffer. 
		 Specify an OS with --os-variant for optimal results.

	Starting install...
	Domain creation completed.
	
----------------------------
LOGON TO VM - USING CONSOLE
----------------------------
NOTE: The default user and password are flashed when you do virsh console

# virsh console cirros01
Connected to domain cirros01
Escape character is ^]

login as 'cirros' user. default password: 'cubswin:)'. use 'sudo' for root.
cirros login: 

----------------------
FIND VM IP ADDRESS
----------------------
NOTE: A virtual network has not been created for br0 
      - however, the vm would have gotten IP from the bridge network of virtualbox which in turn is based on the wifi router

# virsh net-list
NOTE: This does not list anything related to br0. 'defaut' is of the virbr0 bridge created by libvirt

 Name                 State      Autostart     Persistent
----------------------------------------------------------
 default              active     yes           yes

# virsh net-dhcp-leases <cannot give a network name for this>

# virsh domifaddr cirros01
NOTE: This too does not list anything
 Name       MAC address          Protocol     Address
-------------------------------------------------------------------------------


So, randomly try the next IP's in the range of br0 which is 192.168.0.61 - so, try 62, 63, 64 ...
- OR - 
Find it from the router (go to router IP 192.168.0.1 in brower, logon and look in the status page)

192.168.0.63	DESKTOP-EI56MQB	FC-01-7C-8F-78-9B
192.168.0.61	kvm002	08-00-27-29-41-7D
192.168.0.62	kvm003	08-00-27-C6-76-A8
192.168.0.64	cirros	52-54-00-10-DA-B1

[root@kvm002 cirros01]# ssh cirros@192.168.0.64
cirros@192.168.0.64's password: 
Permission denied, please try again.
cirros@192.168.0.64's password: 
$ hostname
cirros

-----------------------------
EXPLORE INSIDE VM
-----------------------------
$ ip a
1: lo: <LOOPBACK,UP,LOWER_UP> mtu 16436 qdisc noqueue 
    link/loopback 00:00:00:00:00:00 brd 00:00:00:00:00:00
    inet 127.0.0.1/8 scope host lo
    inet6 ::1/128 scope host 
       valid_lft forever preferred_lft forever
2: eth0: <BROADCAST,MULTICAST,UP,LOWER_UP> mtu 1500 qdisc pfifo_fast qlen 1000
    link/ether 52:54:00:10:da:b1 brd ff:ff:ff:ff:ff:ff
    inet 192.168.0.64/24 brd 192.168.0.255 scope global eth0
    inet6 fe80::5054:ff:fe10:dab1/64 scope link 
       valid_lft forever preferred_lft forever

$ cat /etc/resolv.conf
nameserver 192.168.0.1  --> This is the wifi router

$ ping 192.168.0.61 --> ping the host 
PING 192.168.0.61 (192.168.0.61): 56 data bytes
64 bytes from 192.168.0.61: seq=0 ttl=64 time=0.441 ms
64 bytes from 192.168.0.61: seq=1 ttl=64 time=0.420 ms

$ ping 192.168.0.1 --> ping the router
PING 192.168.0.1 (192.168.0.1): 56 data bytes
^C
--- 192.168.0.1 ping statistics ---
29 packets transmitted, 0 packets received, 100% packet loss

$ df -k
Filesystem           1K-blocks      Used Available Use% Mounted on
/dev                    248144         0    248144   0% /dev
/dev/vda1                23797     18454      4115  82% /
tmpfs                   251724         0    251724   0% /dev/shm
tmpfs                      200        20       180  10% /run

$ uname -a
Linux cirros 3.2.0-80-virtual #116-Ubuntu SMP Mon Mar 23 17:28:52 UTC 2015 x86_64 GNU/Linux

============================
MIGRATION
============================
----------------------------
SETUP /etc/hosts BOTH HOSTS
----------------------------
192.168.0.61 kvm002
192.168.0.62 kvm003

-----------------------------------
FIREWALL ON DESTINATION HOST
-----------------------------------
Do the same firewall setting as in the source host

-----------------------------------
PREPARE DISK ON DESTINATION HOST
-----------------------------------
Create /kvm-images directory and such as done in the first host above
Create a qcow2 image with same name and approx same size as the source image

[root@kvm003 cirros01]#  qemu-img create -f qcow2 /kvm-images/cirros01/cirros01-cirros-0.3.4-x86_64-disk.img 15M
Formatting '/kvm-images/cirros01/cirros01-cirros-0.3.4-x86_64-disk.img', fmt=qcow2 size=15728640 encryption=off cluster_size=65536 lazy_refcounts=off 

-----------------------------------
MIGRATE
-----------------------------------
virsh migrate --live --unsafe --persistent cirros01 qemu+ssh://192.168.0.62/system

Logon to the migrated VM
First you may see these errors below - subsequent logon after sometime did not show errors.

Password: [ 4081.825098] end_request: I/O error, dev vda, sector 49761
[ 4081.828994] Aborting journal on device vda1.
[ 4081.849104] end_request: I/O error, dev vda, sector 49351
[ 4081.849104] Buffer I/O error on device vda1, logical block 16643
[ 4081.849104] lost page write due to I/O error on vda1
[ 4081.916526] JBD: I/O error detected when updating journal superblock for vda1.
[ 4081.933189] EXT3-fs (vda1): error: ext3_journal_start_sb: Detected aborted journal
[ 4081.971288] EXT3-fs (vda1): error: remounting filesystem read-only
